
Memory Configuration

Name             Origin             Length             Attributes
flash            0x08000000         0x00020000         xr
sram             0x20000000         0x00005000         xrw
*default*        0x00000000         0xffffffff

Linker script and memory map


.text           0x08000000      0x124
 *(.vectors*)
 .vectors       0x08000000       0x1c startup.o
                0x08000000                vectors
 *(.text*)
 .text          0x0800001c       0x90 startup.o
                0x0800001c                h_fault_handler
                0x0800001c                bus_fault
                0x0800001c                mm_fault_handler
                0x0800001c                hmi_handler
                0x0800001c                usage_fault_handler
                0x0800001c                default_handler
                0x08000028                reset_handler
 .text          0x080000ac       0x78 Main.o
                0x080000ac                main
 *(.rodata)
                0x08000124                _E_text = .

.glue_7         0x08000124        0x0
 .glue_7        0x08000124        0x0 linker stubs

.glue_7t        0x08000124        0x0
 .glue_7t       0x08000124        0x0 linker stubs

.vfp11_veneer   0x08000124        0x0
 .vfp11_veneer  0x08000124        0x0 linker stubs

.v4_bx          0x08000124        0x0
 .v4_bx         0x08000124        0x0 linker stubs

.iplt           0x08000124        0x0
 .iplt          0x08000124        0x0 startup.o

.rel.dyn        0x08000124        0x0
 .rel.iplt      0x08000124        0x0 startup.o

.data           0x20000000        0x4 load address 0x08000124
                0x20000000                _S_data = .
 *(.data)
 .data          0x20000000        0x0 startup.o
 .data          0x20000000        0x4 Main.o
                0x20000000                ODR_R
                0x20000004                _E_data = .

.igot.plt       0x20000004        0x0 load address 0x08000128
 .igot.plt      0x20000004        0x0 startup.o

.bss            0x20000004     0x1000 load address 0x08000128
                0x20000004                _S_bss = .
 *(.bss*)
 .bss           0x20000004        0x0 startup.o
 .bss           0x20000004        0x0 Main.o
                0x20000004                _E_bss = .
                0x20000004                . = ALIGN (0x4)
                0x20001004                . = (. + 0x1000)
 *fill*         0x20000004     0x1000 
                0x20001004                stack_top = .
LOAD startup.o
LOAD Main.o
OUTPUT(finalfile.elf elf32-littlearm)

.debug_info     0x00000000      0x259
 .debug_info    0x00000000      0x134 startup.o
 .debug_info    0x00000134      0x125 Main.o

.debug_abbrev   0x00000000      0x193
 .debug_abbrev  0x00000000       0xb7 startup.o
 .debug_abbrev  0x000000b7       0xdc Main.o

.debug_loc      0x00000000       0xb4
 .debug_loc     0x00000000       0x7c startup.o
 .debug_loc     0x0000007c       0x38 Main.o

.debug_aranges  0x00000000       0x40
 .debug_aranges
                0x00000000       0x20 startup.o
 .debug_aranges
                0x00000020       0x20 Main.o

.debug_line     0x00000000      0x196
 .debug_line    0x00000000       0x69 startup.o
 .debug_line    0x00000069      0x12d Main.o

.debug_str      0x00000000      0x1d9
 .debug_str     0x00000000      0x163 startup.o
                                0x170 (size before relaxing)
 .debug_str     0x00000163       0x76 Main.o
                                0x189 (size before relaxing)

.comment        0x00000000       0x7e
 .comment       0x00000000       0x7e startup.o
                                 0x7f (size before relaxing)
 .comment       0x0000007e       0x7f Main.o

.ARM.attributes
                0x00000000       0x33
 .ARM.attributes
                0x00000000       0x33 startup.o
 .ARM.attributes
                0x00000033       0x33 Main.o

.debug_frame    0x00000000       0x7c
 .debug_frame   0x00000000       0x50 startup.o
 .debug_frame   0x00000050       0x2c Main.o
