
Memory Configuration

Name             Origin             Length             Attributes
flash            0x08000000         0x00020000         xr
sram             0x20000000         0x00005000         xrw
*default*        0x00000000         0xffffffff

Linker script and memory map


.text           0x08000000      0x128
 *(.vectors*)
 .vectors       0x08000000       0x1c startup.o
                0x08000000                vectors
 *(.text*)
 .text          0x0800001c       0x7c Main.o
                0x0800001c                main
 .text          0x08000098       0x90 startup.o
                0x08000098                h_fault_handler
                0x08000098                bus_fault
                0x08000098                mm_fault_handler
                0x08000098                hmi_handler
                0x08000098                usage_fault_handler
                0x08000098                default_handler
                0x080000a4                reset_handler
 *(.rodata)
                0x08000128                _E_text = .

.glue_7         0x08000128        0x0
 .glue_7        0x08000128        0x0 linker stubs

.glue_7t        0x08000128        0x0
 .glue_7t       0x08000128        0x0 linker stubs

.vfp11_veneer   0x08000128        0x0
 .vfp11_veneer  0x08000128        0x0 linker stubs

.v4_bx          0x08000128        0x0
 .v4_bx         0x08000128        0x0 linker stubs

.iplt           0x08000128        0x0
 .iplt          0x08000128        0x0 Main.o

.rel.dyn        0x08000128        0x0
 .rel.iplt      0x08000128        0x0 Main.o

.data           0x20000000        0x4 load address 0x08000128
                0x20000000                _S_data = .
 *(.data)
 .data          0x20000000        0x4 Main.o
                0x20000000                ODR_R
 .data          0x20000004        0x0 startup.o
                0x20000004                _E_data = .

.igot.plt       0x20000004        0x0 load address 0x0800012c
 .igot.plt      0x20000004        0x0 Main.o

.bss            0x20000004     0x1000 load address 0x0800012c
                0x20000004                _S_bss = .
 *(.bss*)
 .bss           0x20000004        0x0 Main.o
 .bss           0x20000004        0x0 startup.o
                0x20000004                _E_bss = .
                0x20000004                . = ALIGN (0x4)
                0x20001004                . = (. + 0x1000)
 *fill*         0x20000004     0x1000 
                0x20001004                stack_top = .
LOAD Main.o
LOAD startup.o
OUTPUT(finalfile.elf elf32-littlearm)

.debug_info     0x00000000      0x259
 .debug_info    0x00000000      0x125 Main.o
 .debug_info    0x00000125      0x134 startup.o

.debug_abbrev   0x00000000      0x193
 .debug_abbrev  0x00000000       0xdc Main.o
 .debug_abbrev  0x000000dc       0xb7 startup.o

.debug_loc      0x00000000       0xb4
 .debug_loc     0x00000000       0x38 Main.o
 .debug_loc     0x00000038       0x7c startup.o

.debug_aranges  0x00000000       0x40
 .debug_aranges
                0x00000000       0x20 Main.o
 .debug_aranges
                0x00000020       0x20 startup.o

.debug_line     0x00000000      0x196
 .debug_line    0x00000000      0x12d Main.o
 .debug_line    0x0000012d       0x69 startup.o

.debug_str      0x00000000      0x1d9
 .debug_str     0x00000000      0x14c Main.o
                                0x189 (size before relaxing)
 .debug_str     0x0000014c       0x8d startup.o
                                0x170 (size before relaxing)

.comment        0x00000000       0x7e
 .comment       0x00000000       0x7e Main.o
                                 0x7f (size before relaxing)
 .comment       0x0000007e       0x7f startup.o

.ARM.attributes
                0x00000000       0x33
 .ARM.attributes
                0x00000000       0x33 Main.o
 .ARM.attributes
                0x00000033       0x33 startup.o

.debug_frame    0x00000000       0x7c
 .debug_frame   0x00000000       0x2c Main.o
 .debug_frame   0x0000002c       0x50 startup.o
