
Memory Configuration

Name             Origin             Length             Attributes
flash            0x00000000         0x20000000         xr
sram             0x20000000         0x20000000         xrw
*default*        0x00000000         0xffffffff

Linker script and memory map


.text           0x00000000      0x21c
 *(.vectors)
 .vectors       0x00000000       0x1c startup.o
                0x00000000                vector
 *(.text)
 .text          0x0000001c       0xf4 Main.o
                0x0000001c                main
 .text          0x00000110      0x10c startup.o
                0x00000110                NMI_handler
                0x00000110                usage_fault_handler
                0x00000110                default_handler
                0x00000110                hard_fault_handler
                0x00000110                memory_managment_fault_handler
                0x00000110                bus_fault_handler
                0x0000012c                reset_handler
 *(.rodata)
                0x0000021c                _E_text = .

.glue_7         0x0000021c        0x0
 .glue_7        0x0000021c        0x0 linker stubs

.glue_7t        0x0000021c        0x0
 .glue_7t       0x0000021c        0x0 linker stubs

.vfp11_veneer   0x0000021c        0x0
 .vfp11_veneer  0x0000021c        0x0 linker stubs

.v4_bx          0x0000021c        0x0
 .v4_bx         0x0000021c        0x0 linker stubs

.iplt           0x0000021c        0x0
 .iplt          0x0000021c        0x0 Main.o

.rel.dyn        0x0000021c        0x0
 .rel.iplt      0x0000021c        0x0 Main.o

.data           0x20000000        0x0 load address 0x0000021c
                0x20000000                _S_data = .
 *(.data)
 .data          0x20000000        0x0 Main.o
 .data          0x20000000        0x0 startup.o
                0x20000000                . = ALIGN (0x4)
                0x20000000                _E_data = .

.igot.plt       0x20000000        0x0 load address 0x0000021c
 .igot.plt      0x20000000        0x0 Main.o

.bss            0x20000000      0x400 load address 0x0000021c
                0x20000000                _S_bss = .
 *(.bss)
 .bss           0x20000000        0x0 Main.o
 .bss           0x20000000      0x400 startup.o
                0x20000400                . = ALIGN (0x4)
                0x20000400                _E_bss = .
LOAD Main.o
LOAD startup.o
OUTPUT(finalfile.elf elf32-littlearm)

.debug_info     0x00000000      0x1b5
 .debug_info    0x00000000       0x5b Main.o
 .debug_info    0x0000005b      0x15a startup.o

.debug_abbrev   0x00000000      0x10e
 .debug_abbrev  0x00000000       0x4f Main.o
 .debug_abbrev  0x0000004f       0xbf startup.o

.debug_loc      0x00000000       0xb4
 .debug_loc     0x00000000       0x2c Main.o
 .debug_loc     0x0000002c       0x88 startup.o

.debug_aranges  0x00000000       0x40
 .debug_aranges
                0x00000000       0x20 Main.o
 .debug_aranges
                0x00000020       0x20 startup.o

.debug_line     0x00000000       0xca
 .debug_line    0x00000000       0x61 Main.o
 .debug_line    0x00000061       0x69 startup.o

.debug_str      0x00000000      0x16f
 .debug_str     0x00000000       0xd6 Main.o
 .debug_str     0x000000d6       0x99 startup.o
                                0x16b (size before relaxing)

.comment        0x00000000       0x7e
 .comment       0x00000000       0x7e Main.o
                                 0x7f (size before relaxing)
 .comment       0x0000007e       0x7f startup.o

.ARM.attributes
                0x00000000       0x30
 .ARM.attributes
                0x00000000       0x30 Main.o
 .ARM.attributes
                0x00000030       0x30 startup.o

.debug_frame    0x00000000       0x84
 .debug_frame   0x00000000       0x28 Main.o
 .debug_frame   0x00000028       0x5c startup.o
