
Allocating common symbols
Common symbol       size              file

Control_status      0x1               main.o
AA_state            0x4               Alarm_actuator.o
PC_state            0x4               main.o
PS_state            0x4               main.o
Psensor_status      0x1               main.o
Alarm_status        0x1               Alarm_actuator.o
value               0x4               pressure_control.o

Memory Configuration

Name             Origin             Length             Attributes
flash            0x08000000         0x00020000         xr
sram             0x20000000         0x00005000         xrw
*default*        0x00000000         0xffffffff

Linker script and memory map


.text           0x08000000      0x318
 *(.vectors)
 .vectors       0x08000000       0x1c startup.o
                0x08000000                vectors
 *(.text)
 .text          0x0800001c       0x98 Alarm_actuator.o
                0x0800001c                alarm_init
                0x08000038                alarm_set
                0x0800006c                alarm_working
                0x0800009c                alarm_idling
 .text          0x080000b4       0xc4 driver.o
                0x080000b4                Delay
                0x080000d4                getPressureVal
                0x080000ec                Set_Alarm_actuator
                0x08000128                GPIO_INITIALIZATION
 .text          0x08000178       0x3c main.o
                0x08000178                setup
                0x0800018c                main
 .text          0x080001b4       0x94 pressure_control.o
                0x080001b4                pressure_S_set
                0x080001fc                control_on
                0x08000224                control_off
 .text          0x08000248       0x40 pressure_sensor.o
                0x08000248                pressureS_init
                0x08000264                Psenosr_busy
 .text          0x08000288       0x90 startup.o
                0x08000288                NMI_handler
                0x08000288                busfault_handler
                0x08000288                memmanage_handler
                0x08000288                hardfualt_handler
                0x08000288                defualt_handler
                0x08000288                usagefaullt_handler
                0x08000294                reset_handler
 *(.rodata)
                0x08000318                E_text = .

.glue_7         0x08000318        0x0
 .glue_7        0x08000318        0x0 linker stubs

.glue_7t        0x08000318        0x0
 .glue_7t       0x08000318        0x0 linker stubs

.vfp11_veneer   0x08000318        0x0
 .vfp11_veneer  0x08000318        0x0 linker stubs

.v4_bx          0x08000318        0x0
 .v4_bx         0x08000318        0x0 linker stubs

.iplt           0x08000318        0x0
 .iplt          0x08000318        0x0 Alarm_actuator.o

.rel.dyn        0x08000318        0x0
 .rel.iplt      0x08000318        0x0 Alarm_actuator.o

.data           0x20000000        0x8 load address 0x08000318
                0x20000000                S_data = .
 *(.data)
 .data          0x20000000        0x0 Alarm_actuator.o
 .data          0x20000000        0x0 driver.o
 .data          0x20000000        0x0 main.o
 .data          0x20000000        0x8 pressure_control.o
                0x20000000                threshold
                0x20000004                timer
 .data          0x20000008        0x0 pressure_sensor.o
 .data          0x20000008        0x0 startup.o
                0x20000008                . = ALIGN (0x4)
                0x20000008                E_data = .

.igot.plt       0x20000008        0x0 load address 0x08000320
 .igot.plt      0x20000008        0x0 Alarm_actuator.o

.bss            0x20000008       0x1c load address 0x08000320
                0x20000008                S_bss = .
 *(.bss)
 .bss           0x20000008        0x0 Alarm_actuator.o
 .bss           0x20000008        0x0 driver.o
 .bss           0x20000008        0x0 main.o
 .bss           0x20000008        0x0 pressure_control.o
 .bss           0x20000008        0x0 pressure_sensor.o
 .bss           0x20000008        0x0 startup.o
                0x20000008                . = ALIGN (0x4)
                0x20000008                E_bss = .
 COMMON         0x20000008        0x5 Alarm_actuator.o
                0x20000008                AA_state
                0x2000000c                Alarm_status
 *fill*         0x2000000d        0x3 
 COMMON         0x20000010        0xd main.o
                0x20000010                Control_status
                0x20000014                PC_state
                0x20000018                PS_state
                0x2000001c                Psensor_status
 *fill*         0x2000001d        0x3 
 COMMON         0x20000020        0x4 pressure_control.o
                0x20000020                value
                0x20001024                . = (. + 0x1000)
                0x20001024                stack_top = .
LOAD Alarm_actuator.o
LOAD driver.o
LOAD main.o
LOAD pressure_control.o
LOAD pressure_sensor.o
LOAD startup.o
OUTPUT(finalfile.elf elf32-littlearm)

.debug_info     0x00000000     0x342c
 .debug_info    0x00000000      0xa26 Alarm_actuator.o
 .debug_info    0x00000a26      0xa05 driver.o
 .debug_info    0x0000142b      0xa60 main.o
 .debug_info    0x00001e8b      0xa78 pressure_control.o
 .debug_info    0x00002903      0x9f7 pressure_sensor.o
 .debug_info    0x000032fa      0x132 startup.o

.debug_abbrev   0x00000000      0x9e3
 .debug_abbrev  0x00000000      0x1ec Alarm_actuator.o
 .debug_abbrev  0x000001ec      0x1de driver.o
 .debug_abbrev  0x000003ca      0x1ad main.o
 .debug_abbrev  0x00000577      0x1e5 pressure_control.o
 .debug_abbrev  0x0000075c      0x1d4 pressure_sensor.o
 .debug_abbrev  0x00000930       0xb3 startup.o

.debug_loc      0x00000000      0x49c
 .debug_loc     0x00000000       0xf8 Alarm_actuator.o
 .debug_loc     0x000000f8      0x140 driver.o
 .debug_loc     0x00000238       0x58 main.o
 .debug_loc     0x00000290       0xfc pressure_control.o
 .debug_loc     0x0000038c       0x94 pressure_sensor.o
 .debug_loc     0x00000420       0x7c startup.o

.debug_aranges  0x00000000       0xc0
 .debug_aranges
                0x00000000       0x20 Alarm_actuator.o
 .debug_aranges
                0x00000020       0x20 driver.o
 .debug_aranges
                0x00000040       0x20 main.o
 .debug_aranges
                0x00000060       0x20 pressure_control.o
 .debug_aranges
                0x00000080       0x20 pressure_sensor.o
 .debug_aranges
                0x000000a0       0x20 startup.o

.debug_line     0x00000000      0x790
 .debug_line    0x00000000      0x15a Alarm_actuator.o
 .debug_line    0x0000015a      0x1b9 driver.o
 .debug_line    0x00000313      0x176 main.o
 .debug_line    0x00000489      0x15c pressure_control.o
 .debug_line    0x000005e5      0x142 pressure_sensor.o
 .debug_line    0x00000727       0x69 startup.o

.debug_str      0x00000000      0x6db
 .debug_str     0x00000000      0x519 Alarm_actuator.o
                                0x57d (size before relaxing)
 .debug_str     0x00000519       0x57 driver.o
                                0x56d (size before relaxing)
 .debug_str     0x00000570       0x6c main.o
                                0x5a8 (size before relaxing)
 .debug_str     0x000005dc       0x49 pressure_control.o
                                0x591 (size before relaxing)
 .debug_str     0x00000625       0x2e pressure_sensor.o
                                0x566 (size before relaxing)
 .debug_str     0x00000653       0x88 startup.o
                                0x13f (size before relaxing)

.comment        0x00000000       0x7e
 .comment       0x00000000       0x7e Alarm_actuator.o
                                 0x7f (size before relaxing)
 .comment       0x0000007e       0x7f driver.o
 .comment       0x0000007e       0x7f main.o
 .comment       0x0000007e       0x7f pressure_control.o
 .comment       0x0000007e       0x7f pressure_sensor.o
 .comment       0x0000007e       0x7f startup.o

.ARM.attributes
                0x00000000       0x33
 .ARM.attributes
                0x00000000       0x33 Alarm_actuator.o
 .ARM.attributes
                0x00000033       0x33 driver.o
 .ARM.attributes
                0x00000066       0x33 main.o
 .ARM.attributes
                0x00000099       0x33 pressure_control.o
 .ARM.attributes
                0x000000cc       0x33 pressure_sensor.o
 .ARM.attributes
                0x000000ff       0x33 startup.o

.debug_frame    0x00000000      0x29c
 .debug_frame   0x00000000       0x90 Alarm_actuator.o
 .debug_frame   0x00000090       0xa0 driver.o
 .debug_frame   0x00000130       0x48 main.o
 .debug_frame   0x00000178       0x80 pressure_control.o
 .debug_frame   0x000001f8       0x54 pressure_sensor.o
 .debug_frame   0x0000024c       0x50 startup.o
